// Jest Snapshot v1, https://goo.gl/fbAQLP

exports[`attributify extractor1 1`] = `
Set {
  "absolute",
  "fixed",
  "[bg~=\\"blue-400\\"]",
  "[bg~=\\"hover:blue-500\\"]",
  "[bg~=\\"dark:!blue-500\\"]",
  "[bg~=\\"dark:hover:blue-600\\"]",
  "[text~=\\"sm\\"]",
  "[text~=\\"white\\"]",
  "[flex~=\\"~\\"]",
  "[flex~=\\"col\\"]",
  "[p~=\\"t-2\\"]",
  "[pt~=\\"2\\"]",
  "[border~=\\"rounded-xl\\"]",
  "[font~=\\"condition\\"]",
  "[font~=\\"?\\"]",
  "[font~=\\"mono\\"]",
  "[font~=\\":\\"]",
  "[font~=\\"sans\\"]",
  "[p~=\\"y-2\\"]",
  "[p~=\\"x-4\\"]",
  "[border~=\\"2\\"]",
  "[border~=\\"rounded\\"]",
  "[border~=\\"blue-200\\"]",
  "[un-children~=\\"m-auto\\"]",
  "[hover:blue-500=\\"\\"]",
  "[rounded=\\"\\"]",
  "[pt2=\\"\\"]",
  "[ma=\\"\\"]",
  "[rounded-sm=\\"\\"]",
  "[inline-block=\\"\\"]",
}
`;

exports[`attributify extractor2 1`] = `
Set {
  "[group-hover~=\\"text-teal-400\\"]",
  "[group-hover~=\\"op-50\\"]",
  "[h-80=\\"\\"]",
  "[text-center=\\"\\"]",
  "[flex=\\"\\"]",
  "[select-none=\\"\\"]",
  "[all:transition-400=\\"\\"]",
  "[ma=\\"\\"]",
  "[group=\\"\\"]",
  "[font-100=\\"\\"]",
  "[text-4xl=\\"\\"]",
  "[mb--3=\\"\\"]",
  "[text-5xl=\\"\\"]",
  "[op-20=\\"\\"]",
  "[font-200=\\"\\"]",
  "[mt-1=\\"\\"]",
  "[tracking-wider=\\"\\"]",
}
`;

exports[`attributify fixture1 1`] = `
"[p~=\\"x-4\\"]{padding-left:1rem;padding-right:1rem;}
[p~=\\"y-2\\"]{padding-top:0.5rem;padding-bottom:0.5rem;}
[pt~=\\"\\\\32 \\"],[p~=\\"t-2\\"],[pt2=\\"\\"]{padding-top:0.5rem;}
[ma=\\"\\"],[un-children~=\\"m-auto\\"] > *{margin:auto;}
[inline-block=\\"\\"]{display:inline-block;}
.dark [bg~=\\"dark\\\\:\\\\!blue-500\\"]{--un-bg-opacity:1 !important;background-color:rgba(59,130,246,var(--un-bg-opacity)) !important;}
.dark [bg~=\\"dark\\\\:hover\\\\:blue-600\\"]:hover{--un-bg-opacity:1;background-color:rgba(37,99,235,var(--un-bg-opacity));}
[bg~=\\"blue-400\\"]{--un-bg-opacity:1;background-color:rgba(96,165,250,var(--un-bg-opacity));}
[bg~=\\"hover\\\\:blue-500\\"]:hover{--un-bg-opacity:1;background-color:rgba(59,130,246,var(--un-bg-opacity));}
[border~=\\"\\\\32 \\"]{border-width:2px;border-style:solid;}
[border~=\\"blue-200\\"]{--un-border-opacity:1;border-color:rgba(191,219,254,var(--un-border-opacity));}
[border~=\\"rounded-xl\\"]{border-radius:0.75rem;}
[rounded-sm=\\"\\"]{border-radius:0.125rem;}
[border~=\\"rounded\\"],[rounded=\\"\\"]{border-radius:0.25rem;}
[font~=\\"mono\\"]{font-family:ui-monospace,SFMono-Regular,Menlo,Monaco,Consolas,\\"Liberation Mono\\",\\"Courier New\\",monospace;}
[font~=\\"sans\\"]{font-family:ui-sans-serif,system-ui,-apple-system,BlinkMacSystemFont,\\"Segoe UI\\",Roboto,\\"Helvetica Neue\\",Arial,\\"Noto Sans\\",sans-serif,\\"Apple Color Emoji\\",\\"Segoe UI Emoji\\",\\"Segoe UI Symbol\\",\\"Noto Color Emoji\\";}
[text~=\\"sm\\"]{font-size:0.875rem;line-height:1.25rem;}
[text~=\\"white\\"]{--un-text-opacity:1;color:rgba(255,255,255,var(--un-text-opacity));}
[flex~=\\"col\\"]{flex-direction:column;}
[flex~=\\"\\\\~\\"]{display:flex;}
.absolute{position:absolute;}
.fixed{position:fixed;}"
`;

exports[`attributify fixture2 1`] = `
"[ma=\\"\\"]{margin:auto;}
[mt-1=\\"\\"]{margin-top:0.25rem;}
.group:hover [group-hover~=\\"op-50\\"]{opacity:0.5;}
[op-20=\\"\\"]{opacity:0.2;}
[text-4xl=\\"\\"]{font-size:2.25rem;line-height:2.5rem;}
[text-5xl=\\"\\"]{font-size:3rem;line-height:1;}
[font-100=\\"\\"]{font-weight:100;}
[font-200=\\"\\"]{font-weight:200;}
[text-center=\\"\\"]{text-align:center;}
.group:hover [group-hover~=\\"text-teal-400\\"]{--un-text-opacity:1;color:rgba(45,212,191,var(--un-text-opacity));}
[flex=\\"\\"]{display:flex;}
[h-80=\\"\\"]{height:20rem;}
[select-none=\\"\\"]{user-select:none;}
[tracking-wider=\\"\\"]{letter-spacing:0.05em;}
[all\\\\:transition-400=\\"\\"] *{transition-property:background-color, border-color, color, fill, stroke, opacity, box-shadow, transform, filter, backdrop-filter;transition-timing-function:cubic-bezier(0.4, 0, 0.2, 1);transition-duration:400ms;}"
`;

exports[`attributify variant 1`] = `
Array [
  undefined,
  undefined,
  "bg-blue-400",
  "hover:bg-blue-500",
  "dark:!bg-blue-500",
  "dark:hover:bg-blue-600",
  "text-sm",
  "text-white",
  "flex",
  "flex-col",
  "p-t-2",
  "pt-2",
  "border-rounded-xl",
  "font-condition",
  "font-?",
  "font-mono",
  "font-:",
  "font-sans",
  "p-y-2",
  "p-x-4",
  "border-2",
  "border-rounded",
  "border-blue-200",
  "children-m-auto",
  "hover:blue-500",
  "rounded",
  "pt2",
  "ma",
  "rounded-sm",
  "inline-block",
]
`;
