// Jest Snapshot v1, https://goo.gl/fbAQLP

exports[`scope 1`] = `""`;
