// Jest Snapshot v1, https://goo.gl/fbAQLP

exports[`shortcuts dynamic 1`] = `
".button-1{padding-left:0.75rem;padding-right:0.75rem;padding-top:0.5rem;padding-bottom:0.5rem;}
.button-2{padding-left:1.5rem;padding-right:1.5rem;padding-top:1rem;padding-bottom:1rem;}"
`;

exports[`shortcuts static 1`] = `
".sh1{padding-left:0.5rem;padding-right:0.5rem;padding-top:0.75rem;padding-bottom:0.75rem;}
.sh3{margin:0.75rem;}
.focus\\\\:sh2:focus,.sh2{font-size:0.875rem;line-height:1.25rem;font-size:1.125rem;line-height:1.75rem;}
.focus\\\\:sh2:hover:focus,.sh2:hover{font-size:1.125rem;line-height:1.75rem;}
@media (min-width: 640px){
.sh3{margin:0.5rem;}
}"
`;
